
> frontend@0.0.0 build
> ng build

[33m>[39m Building...
[32mΓêÜ[39m Building...
[35mPrerendered 0 static routes.[39m
Application bundle generation failed. [4.747 seconds] - 2026-04-22T08:34:29.496Z

node.exe : [1m[33m[33mΓû▓ [43;33m[[43;30mWARNING[43;33m][0m [1mNG8113: DecimalPipe is not used within the 
template of TahsilatComponent[0m [1m[35m[plugin angular-compiler][0m
At line:1 char:1
+ & "C:\Program Files\nodejs/node.exe" "C:\Program Files\nodejs/node_mo ...
+ ~~~~~~~~~~~~~~~~~~~~~~~~~~~~~~~~~~~~~~~~~~~~~~~~~~~~~~~~~~~~~~~~~~~~~
    + CategoryInfo          : NotSpecified: ([1m[33m[33mΓ...r-compiler][0m:String) [], RemoteException
    + FullyQualifiedErrorId : NativeCommandError
 

    src/app/components/tahsilat/tahsilat.component.ts:10:41:
[37m      10 Γöé     imports: [CommonModule, FormsModule, [32mDecimalPipe[37m]
         Γò╡                                          [32m~~~~~~~~~~~[0m

[39m[22m
[1m[31m[31mX [41;31m[[41;97mERROR[41;31m][0m [1mNG5002: Empty expressions are not allowed[0m [1m[35m[plugin 
angular-compiler][0m

    src/app/components/kredi-giris/kredi-giris.component.html:15:59:
[37m      15 Γöé                         <span class="input-group-text" @if [32m(loading)[37m>
         Γò╡                                                            [32m~~~~~~~~~[0m

  Error occurs in the template of component KrediGirisComponent.

    src/app/components/kredi-giris/kredi-giris.component.ts:8:15:
[37m      8 Γöé   templateUrl: [32m'./kredi-giris.component.html'[37m,
        Γò╡                [32m~~~~~~~~~~~~~~~~~~~~~~~~~~~~~~[0m


[31mX [41;31m[[41;97mERROR[41;31m][0m [1mNG5002: Empty expressions are not allowed[0m [1m[35m[plugin 
angular-compiler][0m

    src/app/components/kredi-giris/kredi-giris.component.html:21:32:
[37m      21 Γöé                             @if [32m(musteriUnvan)[37m>
         Γò╡                                 [32m~~~~~~~~~~~~~~[0m

  Error occurs in the template of component KrediGirisComponent.

    src/app/components/kredi-giris/kredi-giris.component.ts:8:15:
[37m      8 Γöé   templateUrl: [32m'./kredi-giris.component.html'[37m,
        Γò╡                [32m~~~~~~~~~~~~~~~~~~~~~~~~~~~~~~[0m


[31mX [41;31m[[41;97mERROR[41;31m][0m [1mNG5002: Opening tag "div" not terminated.[0m [1m[35m[plugin 
angular-compiler][0m

    src/app/components/login/login.component.html:29:6:
[37m      29 Γöé       [32m<div @if (errorMessage[37m" class="alert alert-danger mb-4">
         Γò╡       [32m~~~~~~~~~~~~~~~~~~~~~~[0m

  Error occurs in the template of component LoginComponent.

    src/app/components/login/login.component.ts:9:15:
[37m      9 Γöé   templateUrl: [32m'./login.component.html'[37m,
        Γò╡                [32m~~~~~~~~~~~~~~~~~~~~~~~~[0m


[31mX [41;31m[[41;97mERROR[41;31m][0m [1mNG5002: Unexpected closing tag "div". It may happen when the tag has 
already been closed by another tag. For more info see 
https://www.w3.org/TR/html5/syntax.html#closing-elements-that-have-implied-end-tags[0m [1m[35m[plugin 
angular-compiler][0m

    src/app/components/login/login.component.html:31:6:
[37m      31 Γöé       [32m</div>[37m
         Γò╡       [32m~~~~~~[0m

  Error occurs in the template of component LoginComponent.

    src/app/components/login/login.component.ts:9:15:
[37m      9 Γöé   templateUrl: [32m'./login.component.html'[37m,
        Γò╡                [32m~~~~~~~~~~~~~~~~~~~~~~~~[0m


[31mX [41;31m[[41;97mERROR[41;31m][0m [1mNG5002: Opening tag "span" not terminated.[0m [1m[35m[plugin 
angular-compiler][0m

    src/app/components/login/login.component.html:35:8:
[37m      35 Γöé         [32m<span @if (loading[37m" class="spinner-border spinner-border-s...
         Γò╡         [32m~~~~~~~~~~~~~~~~~~[0m

  Error occurs in the template of component LoginComponent.

    src/app/components/login/login.component.ts:9:15:
[37m      9 Γöé   templateUrl: [32m'./login.component.html'[37m,
        Γò╡                [32m~~~~~~~~~~~~~~~~~~~~~~~~[0m


[31mX [41;31m[[41;97mERROR[41;31m][0m [1mNG5002: Unexpected closing tag "span". It may happen when the tag has 
already been closed by another tag. For more info see 
https://www.w3.org/TR/html5/syntax.html#closing-elements-that-have-implied-end-tags[0m [1m[35m[plugin 
angular-compiler][0m

    src/app/components/login/login.component.html:35:74:
[37m      35 Γöé ...if (loading" class="spinner-border spinner-border-sm me-2">[32m</span>[37m
         Γò╡                                                               [32m~~~~~~~[0m

  Error occurs in the template of component LoginComponent.

    src/app/components/login/login.component.ts:9:15:
[37m      9 Γöé   templateUrl: [32m'./login.component.html'[37m,
        Γò╡                [32m~~~~~~~~~~~~~~~~~~~~~~~~[0m


[31mX [41;31m[[41;97mERROR[41;31m][0m [1mNG5002: Unexpected closing tag "form". It may happen when the tag has 
already been closed by another tag. For more info see 
https://www.w3.org/TR/html5/syntax.html#closing-elements-that-have-implied-end-tags[0m [1m[35m[plugin 
angular-compiler][0m

    src/app/components/login/login.component.html:38:4:
[37m      38 Γöé     [32m</form>[37m
         Γò╡     [32m~~~~~~~[0m

  Error occurs in the template of component LoginComponent.

    src/app/components/login/login.component.ts:9:15:
[37m      9 Γöé   templateUrl: [32m'./login.component.html'[37m,
        Γò╡                [32m~~~~~~~~~~~~~~~~~~~~~~~~[0m


[31mX [41;31m[[41;97mERROR[41;31m][0m [1mNG5002: Unexpected closing tag "div". It may happen when the tag has 
already been closed by another tag. For more info see 
https://www.w3.org/TR/html5/syntax.html#closing-elements-that-have-implied-end-tags[0m [1m[35m[plugin 
angular-compiler][0m

    src/app/components/login/login.component.html:44:0:
[37m      44 Γöé [32m</div>[37m
         Γò╡ [32m~~~~~~[0m

  Error occurs in the template of component LoginComponent.

    src/app/components/login/login.component.ts:9:15:
[37m      9 Γöé   templateUrl: [32m'./login.component.html'[37m,
        Γò╡                [32m~~~~~~~~~~~~~~~~~~~~~~~~[0m


[31mX [41;31m[[41;97mERROR[41;31m][0m [1mNG5002: Cannot parse expression. @for loop expression must match the 
pattern "<identifier> of <expression>"[0m [1m[35m[plugin angular-compiler][0m

    src/app/components/tahsilat/tahsilat.component.html:45:26:
[37m      45 Γöé                     @for ([32mlet k of krediler[37m; track k.krediId) {
         Γò╡                           [32m~~~~~~~~~~~~~~~~~[0m

  Error occurs in the template of component TahsilatComponent.

    src/app/components/tahsilat/tahsilat.component.ts:8:17:
[37m      8 Γöé     templateUrl: [32m'./tahsilat.component.html'[37m,
        Γò╡                  [32m~~~~~~~~~~~~~~~~~~~~~~~~~~~[0m


[31mX [41;31m[[41;97mERROR[41;31m][0m [1mNG5002: Cannot parse expression. @for loop expression must match the 
pattern "<identifier> of <expression>"[0m [1m[35m[plugin angular-compiler][0m

    src/app/components/tahsilat/tahsilat.component.html:81:30:
[37m      81 Γöé ...               @for ([32mlet h of mevduatHesaplari[37m; track h.hesapId) {
         Γò╡                         [32m~~~~~~~~~~~~~~~~~~~~~~~~~[0m

  Error occurs in the template of component TahsilatComponent.

    src/app/components/tahsilat/tahsilat.component.ts:8:17:
[37m      8 Γöé     templateUrl: [32m'./tahsilat.component.html'[37m,
        Γò╡                  [32m~~~~~~~~~~~~~~~~~~~~~~~~~~~[0m

[39m[22m
